  {'estimator__estimator__max_iter': 100, 'estimator__estimator__max_leaf_nodes': 15}  val F1 0.9652
  {'estimator__estimator__max_iter': 100, 'estimator__estimator__max_leaf_nodes': 31}  val F1 0.9665
  {'estimator__estimator__max_iter': 100, 'estimator__estimator__max_leaf_nodes': 63}  val F1 0.9659
  {'estimator__estimator__max_iter': 100, 'estimator__estimator__max_leaf_nodes': 127}  val F1 0.9671
  {'estimator__estimator__max_iter': 200, 'estimator__estimator__max_leaf_nodes': 15}  val F1 0.9678
  {'estimator__estimator__max_iter': 200, 'estimator__estimator__max_leaf_nodes': 31}  val F1 0.9687
  {'estimator__estimator__max_iter': 200, 'estimator__estimator__max_leaf_nodes': 63}  val F1 0.9683
  {'estimator__estimator__max_iter': 200, 'estimator__estimator__max_leaf_nodes': 127}  val F1 0.9681
  {'estimator__estimator__max_iter': 400, 'estimator__estimator__max_leaf_nodes': 15}  val F1 0.9682
  {'estimator__estimator__max_iter': 400, 'estimator__estimator__max_leaf_nodes': 31}  val F1 0.9691
  {'estimator__estimator__max_iter': 400, 'estimator__estimator__max_leaf_nodes': 63}  val F1 0.9683
  {'estimator__estimator__max_iter': 400, 'estimator__estimator__max_leaf_nodes': 127}  val F1 0.9680
  {'estimator__estimator__max_iter': 800, 'estimator__estimator__max_leaf_nodes': 15}  val F1 0.9687
  {'estimator__estimator__max_iter': 800, 'estimator__estimator__max_leaf_nodes': 31}  val F1 0.9688
  {'estimator__estimator__max_iter': 800, 'estimator__estimator__max_leaf_nodes': 63}  val F1 0.9683
  {'estimator__estimator__max_iter': 800, 'estimator__estimator__max_leaf_nodes': 127}  val F1 0.9683
best: {'estimator__estimator__max_iter': 400, 'estimator__estimator__max_leaf_nodes': 31}  val F1 0.9691

gb_10k_feat_all — test, every timestep (n=148763)
            F1    prec  recall     acc
RF      0.9606  0.9527  0.9687  0.9733
LF      0.9542  0.9457  0.9629  0.9695
RH      0.9638  0.9644  0.9632  0.9756
LH      0.9688  0.9653  0.9724  0.9789
mean    0.9619  0.9570  0.9668  0.9743
exact-state accuracy 0.9179
every 10th timestep: F1 0.9615, exact-state 0.9175
