  {'estimator__max_iter': 100, 'estimator__max_leaf_nodes': 15}  val F1 0.9542
  {'estimator__max_iter': 100, 'estimator__max_leaf_nodes': 31}  val F1 0.9568
  {'estimator__max_iter': 100, 'estimator__max_leaf_nodes': 63}  val F1 0.9562
  {'estimator__max_iter': 100, 'estimator__max_leaf_nodes': 127}  val F1 0.9574
  {'estimator__max_iter': 200, 'estimator__max_leaf_nodes': 15}  val F1 0.9554
  {'estimator__max_iter': 200, 'estimator__max_leaf_nodes': 31}  val F1 0.9591
  {'estimator__max_iter': 200, 'estimator__max_leaf_nodes': 63}  val F1 0.9567
  {'estimator__max_iter': 200, 'estimator__max_leaf_nodes': 127}  val F1 0.9592
  {'estimator__max_iter': 400, 'estimator__max_leaf_nodes': 15}  val F1 0.9591
  {'estimator__max_iter': 400, 'estimator__max_leaf_nodes': 31}  val F1 0.9590
  {'estimator__max_iter': 400, 'estimator__max_leaf_nodes': 63}  val F1 0.9572
  {'estimator__max_iter': 400, 'estimator__max_leaf_nodes': 127}  val F1 0.9598
  {'estimator__max_iter': 800, 'estimator__max_leaf_nodes': 15}  val F1 0.9604
  {'estimator__max_iter': 800, 'estimator__max_leaf_nodes': 31}  val F1 0.9603
  {'estimator__max_iter': 800, 'estimator__max_leaf_nodes': 63}  val F1 0.9578
  {'estimator__max_iter': 800, 'estimator__max_leaf_nodes': 127}  val F1 0.9585
best: {'estimator__max_iter': 800, 'estimator__max_leaf_nodes': 15}  val F1 0.9604

protocol_b/stride150/gb_feat_all — test, every timestep (n=375162)
            F1    prec  recall     acc
RF      0.8794  0.9600  0.8114  0.9210
LF      0.9004  0.9335  0.8696  0.9320
RH      0.9190  0.9699  0.8731  0.9457
LH      0.9112  0.9785  0.8526  0.9415
mean    0.9025  0.9605  0.8517  0.9350
exact-state accuracy 0.8455
every 10th timestep: F1 0.9019, exact-state 0.8447
