  {'estimator__estimator__max_iter': 100, 'estimator__estimator__max_leaf_nodes': 15}  val F1 0.9561
  {'estimator__estimator__max_iter': 100, 'estimator__estimator__max_leaf_nodes': 31}  val F1 0.9569
  {'estimator__estimator__max_iter': 100, 'estimator__estimator__max_leaf_nodes': 63}  val F1 0.9562
  {'estimator__estimator__max_iter': 100, 'estimator__estimator__max_leaf_nodes': 127}  val F1 0.9564
  {'estimator__estimator__max_iter': 200, 'estimator__estimator__max_leaf_nodes': 15}  val F1 0.9579
  {'estimator__estimator__max_iter': 200, 'estimator__estimator__max_leaf_nodes': 31}  val F1 0.9589
  {'estimator__estimator__max_iter': 200, 'estimator__estimator__max_leaf_nodes': 63}  val F1 0.9580
  {'estimator__estimator__max_iter': 200, 'estimator__estimator__max_leaf_nodes': 127}  val F1 0.9583
  {'estimator__estimator__max_iter': 400, 'estimator__estimator__max_leaf_nodes': 15}  val F1 0.9597
  {'estimator__estimator__max_iter': 400, 'estimator__estimator__max_leaf_nodes': 31}  val F1 0.9594
  {'estimator__estimator__max_iter': 400, 'estimator__estimator__max_leaf_nodes': 63}  val F1 0.9591
  {'estimator__estimator__max_iter': 400, 'estimator__estimator__max_leaf_nodes': 127}  val F1 0.9587
  {'estimator__estimator__max_iter': 800, 'estimator__estimator__max_leaf_nodes': 15}  val F1 0.9599
  {'estimator__estimator__max_iter': 800, 'estimator__estimator__max_leaf_nodes': 31}  val F1 0.9596
  {'estimator__estimator__max_iter': 800, 'estimator__estimator__max_leaf_nodes': 63}  val F1 0.9591
  {'estimator__estimator__max_iter': 800, 'estimator__estimator__max_leaf_nodes': 127}  val F1 0.9585
best: {'estimator__estimator__max_iter': 800, 'estimator__estimator__max_leaf_nodes': 15}  val F1 0.9599

protocol_b/gb_10k_feat_all — test, every timestep (n=375162)
            F1    prec  recall     acc
RF      0.9370  0.9744  0.9023  0.9569
LF      0.9240  0.9398  0.9087  0.9471
RH      0.9359  0.9747  0.9000  0.9564
LH      0.9300  0.9811  0.8840  0.9531
mean    0.9317  0.9675  0.8987  0.9534
exact-state accuracy 0.8811
every 10th timestep: F1 0.9316, exact-state 0.8821
