  {'estimator__kernelridgeclassifier__alpha': 0.01, 'estimator__kernelridgeclassifier__gamma_scale': 0.1}  val F1 0.9538
  {'estimator__kernelridgeclassifier__alpha': 0.01, 'estimator__kernelridgeclassifier__gamma_scale': 0.2}  val F1 0.9535
  {'estimator__kernelridgeclassifier__alpha': 0.01, 'estimator__kernelridgeclassifier__gamma_scale': 0.3}  val F1 0.9533
  {'estimator__kernelridgeclassifier__alpha': 0.01, 'estimator__kernelridgeclassifier__gamma_scale': 0.5}  val F1 0.9521
  {'estimator__kernelridgeclassifier__alpha': 0.01, 'estimator__kernelridgeclassifier__gamma_scale': 1.0}  val F1 0.9474
  {'estimator__kernelridgeclassifier__alpha': 0.01, 'estimator__kernelridgeclassifier__gamma_scale': 2.0}  val F1 0.9351
  {'estimator__kernelridgeclassifier__alpha': 0.01, 'estimator__kernelridgeclassifier__gamma_scale': 3.0}  val F1 0.9135
  {'estimator__kernelridgeclassifier__alpha': 0.03, 'estimator__kernelridgeclassifier__gamma_scale': 0.1}  val F1 0.9532
  {'estimator__kernelridgeclassifier__alpha': 0.03, 'estimator__kernelridgeclassifier__gamma_scale': 0.2}  val F1 0.9537
  {'estimator__kernelridgeclassifier__alpha': 0.03, 'estimator__kernelridgeclassifier__gamma_scale': 0.3}  val F1 0.9542
  {'estimator__kernelridgeclassifier__alpha': 0.03, 'estimator__kernelridgeclassifier__gamma_scale': 0.5}  val F1 0.9534
  {'estimator__kernelridgeclassifier__alpha': 0.03, 'estimator__kernelridgeclassifier__gamma_scale': 1.0}  val F1 0.9484
  {'estimator__kernelridgeclassifier__alpha': 0.03, 'estimator__kernelridgeclassifier__gamma_scale': 2.0}  val F1 0.9351
  {'estimator__kernelridgeclassifier__alpha': 0.03, 'estimator__kernelridgeclassifier__gamma_scale': 3.0}  val F1 0.9133
  {'estimator__kernelridgeclassifier__alpha': 0.1, 'estimator__kernelridgeclassifier__gamma_scale': 0.1}  val F1 0.9509
  {'estimator__kernelridgeclassifier__alpha': 0.1, 'estimator__kernelridgeclassifier__gamma_scale': 0.2}  val F1 0.9540
  {'estimator__kernelridgeclassifier__alpha': 0.1, 'estimator__kernelridgeclassifier__gamma_scale': 0.3}  val F1 0.9538
  {'estimator__kernelridgeclassifier__alpha': 0.1, 'estimator__kernelridgeclassifier__gamma_scale': 0.5}  val F1 0.9535
  {'estimator__kernelridgeclassifier__alpha': 0.1, 'estimator__kernelridgeclassifier__gamma_scale': 1.0}  val F1 0.9488
  {'estimator__kernelridgeclassifier__alpha': 0.1, 'estimator__kernelridgeclassifier__gamma_scale': 2.0}  val F1 0.9358
  {'estimator__kernelridgeclassifier__alpha': 0.1, 'estimator__kernelridgeclassifier__gamma_scale': 3.0}  val F1 0.9130
  {'estimator__kernelridgeclassifier__alpha': 0.3, 'estimator__kernelridgeclassifier__gamma_scale': 0.1}  val F1 0.9472
  {'estimator__kernelridgeclassifier__alpha': 0.3, 'estimator__kernelridgeclassifier__gamma_scale': 0.2}  val F1 0.9510
  {'estimator__kernelridgeclassifier__alpha': 0.3, 'estimator__kernelridgeclassifier__gamma_scale': 0.3}  val F1 0.9533
  {'estimator__kernelridgeclassifier__alpha': 0.3, 'estimator__kernelridgeclassifier__gamma_scale': 0.5}  val F1 0.9528
  {'estimator__kernelridgeclassifier__alpha': 0.3, 'estimator__kernelridgeclassifier__gamma_scale': 1.0}  val F1 0.9486
  {'estimator__kernelridgeclassifier__alpha': 0.3, 'estimator__kernelridgeclassifier__gamma_scale': 2.0}  val F1 0.9352
  {'estimator__kernelridgeclassifier__alpha': 0.3, 'estimator__kernelridgeclassifier__gamma_scale': 3.0}  val F1 0.9100
  {'estimator__kernelridgeclassifier__alpha': 1.0, 'estimator__kernelridgeclassifier__gamma_scale': 0.1}  val F1 0.9416
  {'estimator__kernelridgeclassifier__alpha': 1.0, 'estimator__kernelridgeclassifier__gamma_scale': 0.2}  val F1 0.9469
  {'estimator__kernelridgeclassifier__alpha': 1.0, 'estimator__kernelridgeclassifier__gamma_scale': 0.3}  val F1 0.9492
  {'estimator__kernelridgeclassifier__alpha': 1.0, 'estimator__kernelridgeclassifier__gamma_scale': 0.5}  val F1 0.9496
  {'estimator__kernelridgeclassifier__alpha': 1.0, 'estimator__kernelridgeclassifier__gamma_scale': 1.0}  val F1 0.9465
  {'estimator__kernelridgeclassifier__alpha': 1.0, 'estimator__kernelridgeclassifier__gamma_scale': 2.0}  val F1 0.9287
  {'estimator__kernelridgeclassifier__alpha': 1.0, 'estimator__kernelridgeclassifier__gamma_scale': 3.0}  val F1 0.9029
best: {'estimator__kernelridgeclassifier__alpha': 0.03, 'estimator__kernelridgeclassifier__gamma_scale': 0.3}  val F1 0.9542

protocol_b/krr_feat_all — test, every timestep (n=375162)
            F1    prec  recall     acc
RF      0.9452  0.9581  0.9327  0.9616
LF      0.8873  0.8465  0.9323  0.9163
RH      0.9416  0.9550  0.9286  0.9593
LH      0.9514  0.9769  0.9272  0.9666
mean    0.9314  0.9341  0.9302  0.9510
exact-state accuracy 0.8527
every 10th timestep: F1 0.9317, exact-state 0.8529
